// Jest Snapshot v1, https://goo.gl/fbAQLP

exports[`should have 9 cells 1`] = `
<div
  class="ticTacToe-board"
>
  <div
    class="ticTacToe-cell"
    role="button"
    tabindex="-1"
  >
    <div
      class="ticTacToe-cell__content"
    />
  </div>
  <div
    class="ticTacToe-cell"
    role="button"
    tabindex="-1"
  >
    <div
      class="ticTacToe-cell__content"
    />
  </div>
  <div
    class="ticTacToe-cell"
    role="button"
    tabindex="-1"
  >
    <div
      class="ticTacToe-cell__content"
    />
  </div>
  <div
    class="ticTacToe-cell"
    role="button"
    tabindex="-1"
  >
    <div
      class="ticTacToe-cell__content"
    />
  </div>
  <div
    class="ticTacToe-cell"
    role="button"
    tabindex="-1"
  >
    <div
      class="ticTacToe-cell__content"
    />
  </div>
  <div
    class="ticTacToe-cell"
    role="button"
    tabindex="-1"
  >
    <div
      class="ticTacToe-cell__content"
    />
  </div>
  <div
    class="ticTacToe-cell"
    role="button"
    tabindex="-1"
  >
    <div
      class="ticTacToe-cell__content"
    />
  </div>
  <div
    class="ticTacToe-cell"
    role="button"
    tabindex="-1"
  >
    <div
      class="ticTacToe-cell__content"
    />
  </div>
  <div
    class="ticTacToe-cell"
    role="button"
    tabindex="-1"
  >
    <div
      class="ticTacToe-cell__content"
    />
  </div>
</div>
`;
