// Jest Snapshot v1, https://goo.gl/fbAQLP

exports[`should have 1 heading and 1 game board 1`] = `
<div
  class="ticTacToe-container"
>
  Tic Tac Toe!
  <button
    type="button"
  >
    Reset
  </button>
  <div
    class="ticTacToe-board"
  >
    <div
      class="ticTacToe-cell"
      role="button"
      tabindex="-1"
    >
      <div
        class="ticTacToe-cell__content"
      />
    </div>
    <div
      class="ticTacToe-cell"
      role="button"
      tabindex="-1"
    >
      <div
        class="ticTacToe-cell__content"
      />
    </div>
    <div
      class="ticTacToe-cell"
      role="button"
      tabindex="-1"
    >
      <div
        class="ticTacToe-cell__content"
      />
    </div>
    <div
      class="ticTacToe-cell"
      role="button"
      tabindex="-1"
    >
      <div
        class="ticTacToe-cell__content"
      />
    </div>
    <div
      class="ticTacToe-cell"
      role="button"
      tabindex="-1"
    >
      <div
        class="ticTacToe-cell__content"
      />
    </div>
    <div
      class="ticTacToe-cell"
      role="button"
      tabindex="-1"
    >
      <div
        class="ticTacToe-cell__content"
      />
    </div>
    <div
      class="ticTacToe-cell"
      role="button"
      tabindex="-1"
    >
      <div
        class="ticTacToe-cell__content"
      />
    </div>
    <div
      class="ticTacToe-cell"
      role="button"
      tabindex="-1"
    >
      <div
        class="ticTacToe-cell__content"
      />
    </div>
    <div
      class="ticTacToe-cell"
      role="button"
      tabindex="-1"
    >
      <div
        class="ticTacToe-cell__content"
      />
    </div>
  </div>
</div>
`;
